###############################################################################
#
# IAR ELF Linker V3.10.1.201 for STM8                     25/Jan/2020  11:18:07
# Copyright 2010-2017 IAR Systems AB.
#
#    Output file  =  
#        C:\Users\adxx\Documents\STM\STM8_LIN_working_send\Debug\Exe\Lesson_UART.out
#    Map file     =  
#        C:\Users\adxx\Documents\STM\STM8_LIN_working_send\Debug\List\Lesson_UART.map
#    Command line =  
#        -f C:\Users\adxx\AppData\Local\Temp\EW3DBD.tmp
#        (C:\Users\adxx\Documents\STM\STM8_LIN_working_send\Debug\Obj\main.o
#        C:\Users\adxx\Documents\STM\STM8_LIN_working_send\Debug\Obj\stm8s_clk.o
#        C:\Users\adxx\Documents\STM\STM8_LIN_working_send\Debug\Obj\stm8s_gpio.o
#        C:\Users\adxx\Documents\STM\STM8_LIN_working_send\Debug\Obj\stm8s_it.o
#        C:\Users\adxx\Documents\STM\STM8_LIN_working_send\Debug\Obj\stm8s_tim4.o
#        C:\Users\adxx\Documents\STM\STM8_LIN_working_send\Debug\Obj\stm8s_uart1.o
#        --redirect _Printf=_PrintfFullNoMb --redirect _Scanf=_ScanfFullNoMb -o
#        C:\Users\adxx\Documents\STM\STM8_LIN_working_send\Debug\Exe\Lesson_UART.out
#        --map
#        C:\Users\adxx\Documents\STM\STM8_LIN_working_send\Debug\List\Lesson_UART.map
#        --config "C:\Program Files (x86)\IAR Systems\Embedded Workbench
#        8.0\stm8\config\lnkstm8s103f3.icf" --config_def _CSTACK_SIZE=0x100
#        --config_def _HEAP_SIZE=0x100 --entry __iar_program_start --debug_lib)
#
###############################################################################

*******************************************************************************
*** RUNTIME MODEL ATTRIBUTES
***

__SystemLibrary            = DLib
__code_model               = small
__core                     = stm8
__data_model               = medium
__dlib_file_descriptor     = 0
__dlib_full_locale_support = 0
__rt_version               = 4


*******************************************************************************
*** PLACEMENT SUMMARY
***

"A0":  place at start of [0x000000-0x0000ff] { rw section .vregs };
"A1":  place at end of [0x000000-0x0003ff] { block CSTACK };
"P2":  place in [from 0x000000 to 0x0003ff] {
          block HEAP, rw section __DLIB_PERTHREAD, rw section .far.bss,
          rw section .far.data, rw section .far.noinit,
          rw section .far_func.textrw, rw section .huge.bss,
          rw section .huge.data, rw section .huge.noinit,
          rw section .huge_func.textrw, rw section .iar.dynexit,
          rw section .near.bss, rw section .near.data, rw section .near.noinit,
          rw section .near_func.textrw };
"A2":  place at start of [0x008000-0x009fff] { block INTVEC };
"P3":  place in [from 0x008000 to 0x009fff] {
          ro section __DLIB_PERTHREAD_init, ro section .far.data_init,
          ro section .far_func.textrw_init, ro section .huge.data_init,
          ro section .huge_func.textrw_init, ro section .iar.init_table,
          ro section .init_array, ro section .near.data_init,
          ro section .near.rodata, ro section .near_func.text,
          ro section .near_func.textrw_init, ro section .tiny.data_init,
          ro section .tiny.rodata_init };
"P4":  place in [from 0x008000 to 0x009fff] {
          ro section .far.rodata, ro section .far_func.text };
"P5":  place in [from 0x008000 to 0x009fff] {
          ro section .huge.rodata, ro section .huge_func.text };
do not initialize {
   rw section .eeprom.noinit, rw section .far.noinit, rw section .huge.noinit,
   rw section .near.noinit, rw section .tiny.noinit, rw section .vregs };
initialize by copy {
   rw section .far.bss, rw section .far.data, rw section .far_func.textrw,
   rw section .huge.bss, rw section .huge.data, rw section .huge_func.textrw,
   rw section .iar.dynexit, rw section .near.bss, rw section .near.data,
   rw section .near_func.textrw, rw section .tiny.bss, rw section .tiny.data,
   ro section .tiny.rodata };

  Section            Kind      Address   Size  Object
  -------            ----      -------   ----  ------
"A0":                                    0x10
  .vregs             uninit   0x000000   0x10  vregs.o [4]
                            - 0x000010   0x10

"P2":                                    0x60
  P2-1                        0x000010   0x60  <Init block>
    .near.data       inited   0x000010    0x1  main.o [1]
    .near.data       inited   0x000011    0x1  main.o [1]
    .near.data       inited   0x000012    0x1  main.o [1]
    .near.data       inited   0x000013    0x1  main.o [1]
    .near.data       inited   0x000014   0x4d  stm8s_it.o [1]
    .near.bss        inited   0x000061    0x1  main.o [1]
    .near.bss        inited   0x000062    0x1  main.o [1]
    .near.bss        inited   0x000063    0x4  main.o [1]
    .near.bss        inited   0x000067    0x4  main.o [1]
    .near.bss        inited   0x00006b    0x4  main.o [1]
    .near.bss        inited   0x00006f    0x1  stm8s_it.o [1]
                            - 0x000070   0x60

"A1":                                   0x100
  CSTACK                      0x000300  0x100  <Block>
    CSTACK           uninit   0x000300  0x100  <Block tail>
                            - 0x000400  0x100

"A2":                                    0x80
  INTVEC                      0x008000   0x80  <Block>
    .intvec          const    0x008000   0x80  interrupt.o [4]
                            - 0x008080   0x80

"P3-P5":                                0xf4d
  .near_func.text    ro code  0x008080  0x222  stm8s_uart1.o [1]
  .near_func.text    ro code  0x0082a2  0x149  long.o [4]
  .near_func.text    ro code  0x0083eb  0x137  main.o [1]
  .near_func.text    ro code  0x008522  0x110  stm8s_gpio.o [1]
  .near_func.text    ro code  0x008632   0xf2  vreg_util.o [4]
  .near_func.text    ro code  0x008724   0xd0  stm8s_uart1.o [1]
  .near_func.text    ro code  0x0087f4   0xb4  main.o [1]
  .near_func.text    ro code  0x0088a8   0x9e  stm8s_uart1.o [1]
  .near_func.text    ro code  0x008946   0x8a  main.o [1]
  .near_func.text    ro code  0x0089d0   0x61  main.o [1]
  Initializer bytes  const    0x008a31   0x60  <for P2-1>
  .near_func.text    ro code  0x008a91   0x57  stm8s_clk.o [1]
  .near_func.text    ro code  0x008ae8   0x55  long_util.o [4]
  .near_func.text    ro code  0x008b3d   0x51  stm8s_tim4.o [1]
  .near_func.text    ro code  0x008b8e   0x50  stm8s_tim4.o [1]
  .near_func.text    ro code  0x008bde   0x49  main.o [1]
  .near.rodata       const    0x008c27   0x43  stm8s_tim4.o [1]
  .near.rodata       const    0x008c6a   0x3e  stm8s_uart1.o [1]
  .near.rodata       const    0x008ca8   0x3d  stm8s_gpio.o [1]
  .near_func.text    ro code  0x008ce5   0x3d  stm8s_clk.o [1]
  .near.rodata       const    0x008d22   0x3c  stm8s_clk.o [1]
  .near_func.text    ro code  0x008d5e   0x36  stm8s_it.o [1]
  .near_func.text    ro code  0x008d94   0x36  stm8s_it.o [1]
  .near_func.text    ro code  0x008dca   0x2f  stm8s_tim4.o [1]
  .near_func.text    ro code  0x008df9   0x2f  stm8s_uart1.o [1]
  .near_func.text    ro code  0x008e28   0x28  init_small.o [4]
  .near_func.text    ro code  0x008e50   0x25  dc_util.o [4]
  .near_func.text    ro code  0x008e75   0x24  stm8s_tim4.o [1]
  .near_func.text    ro code  0x008e99   0x24  stm8s_tim4.o [1]
  .iar.init_table    const    0x008ebd    0xa  - Linker created -
  .near_func.text    ro code  0x008ec7   0x1f  main.o [1]
  .near_func.text    ro code  0x008ee6   0x1d  main.o [1]
  .near_func.text    ro code  0x008f03   0x17  stm8s_it.o [1]
  .near_func.text    ro code  0x008f1a   0x14  stm8s_gpio.o [1]
  .near_func.text    ro code  0x008f2e   0x14  init.o [4]
  .near_func.text    ro code  0x008f42   0x14  __dbg_xxexit.o [3]
  .near_func.text    ro code  0x008f56   0x13  cstartup.o [4]
  .near_func.text    ro code  0x008f69    0xd  short.o [4]
  .near_func.text    ro code  0x008f76    0x7  stm8s_gpio.o [1]
  .near_func.text    ro code  0x008f7d    0x7  stm8s_gpio.o [1]
  .near_func.text    ro code  0x008f84    0x7  stm8s_gpio.o [1]
  .near_func.text    ro code  0x008f8b    0x6  main.o [1]
  .near_func.text    ro code  0x008f91    0x6  char.o [4]
  .near_func.text    ro code  0x008f97    0x5  stm8s_uart1.o [1]
  .near_func.text    ro code  0x008f9c    0x5  cexit.o [4]
  .near.rodata       const    0x008fa1    0x4  stm8s_clk.o [1]
  .near_func.text    ro code  0x008fa5    0x4  main.o [1]
  .near_func.text    ro code  0x008fa9    0x4  stm8s_uart1.o [1]
  .near_func.text    ro code  0x008fad    0x3  interrupt.o [4]
  .near_func.text    ro code  0x008fb0    0x3  low_level_init.o [4]
  .near_func.text    ro code  0x008fb3    0x3  exit.o [4]
  .near_func.text    ro code  0x008fb6    0x3  unhandled_exception.o [4]
  .near_func.text    ro code  0x008fb9    0x2  main.o [1]
  .near_func.text    ro code  0x008fbb    0x1  stm8s_it.o [1]
  .near_func.text    ro code  0x008fbc    0x1  stm8s_it.o [1]
  .near_func.text    ro code  0x008fbd    0x1  stm8s_it.o [1]
  .near_func.text    ro code  0x008fbe    0x1  stm8s_it.o [1]
  .near_func.text    ro code  0x008fbf    0x1  stm8s_it.o [1]
  .near_func.text    ro code  0x008fc0    0x1  stm8s_it.o [1]
  .near_func.text    ro code  0x008fc1    0x1  stm8s_it.o [1]
  .near_func.text    ro code  0x008fc2    0x1  stm8s_it.o [1]
  .near_func.text    ro code  0x008fc3    0x1  stm8s_it.o [1]
  .near_func.text    ro code  0x008fc4    0x1  stm8s_it.o [1]
  .near_func.text    ro code  0x008fc5    0x1  stm8s_it.o [1]
  .near_func.text    ro code  0x008fc6    0x1  stm8s_it.o [1]
  .near_func.text    ro code  0x008fc7    0x1  stm8s_it.o [1]
  .near_func.text    ro code  0x008fc8    0x1  stm8s_it.o [1]
  .near_func.text    ro code  0x008fc9    0x1  stm8s_it.o [1]
  .near_func.text    ro code  0x008fca    0x1  stm8s_it.o [1]
  .near_func.text    ro code  0x008fcb    0x1  stm8s_it.o [1]
  .near_func.text    ro code  0x008fcc    0x1  __dbg_break.o [3]
                            - 0x008fcd  0xf4d


*******************************************************************************
*** INIT TABLE
***

          Address   Size
          -------   ----
Copy (__iar_copy_init2)
    1 source range, total size 0x60:
          0x008a31  0x60
    1 destination range, total size 0x60:
          0x000010  0x60



*******************************************************************************
*** MODULE SUMMARY
***

    Module                 ro code  ro data  rw data
    ------                 -------  -------  -------
C:\Users\adxx\Documents\STM\STM8_LIN_working_send\Debug\Obj: [1]
    main.o                     871       18       18
    stm8s_clk.o                148       64
    stm8s_gpio.o               313       61
    stm8s_it.o                 148       78       78
    stm8s_tim4.o               280       67
    stm8s_uart1.o              968       62
    ------------------------------------------------
    Total:                   2 728      350       96

command line: [2]
    ------------------------------------------------
    Total:

dbgstm8smd.a: [3]
    __dbg_break.o                1
    __dbg_xxexit.o              20
    ------------------------------------------------
    Total:                      21

dlstm8smn.a: [4]
    cexit.o                      5
    char.o                       6
    cstartup.o                  19
    dc_util.o                   37
    exit.o                       3
    init.o                      20
    init_small.o                40
    interrupt.o                  3      128
    long.o                     329
    long_util.o                 85
    low_level_init.o             3
    short.o                     13
    unhandled_exception.o        3
    vreg_util.o                242
    vregs.o                                       16
    ------------------------------------------------
    Total:                     808      128       16

    Linker created                       10      256
----------------------------------------------------
    Grand Total:             3 557      488      368


*******************************************************************************
*** ENTRY LIST
***

Entry                    Address   Size  Type      Object
-----                    -------   ----  ----      ------
.iar.init_table$$Base   0x008ebd          --   Gb  - Linker created -
.iar.init_table$$Limit  0x008ec7          --   Gb  - Linker created -
?b0                     0x000000         Data  Gb  vregs.o [4]
?b1                     0x000001         Data  Gb  vregs.o [4]
?b10                    0x00000a         Data  Gb  vregs.o [4]
?b11                    0x00000b         Data  Gb  vregs.o [4]
?b12                    0x00000c         Data  Gb  vregs.o [4]
?b13                    0x00000d         Data  Gb  vregs.o [4]
?b14                    0x00000e         Data  Gb  vregs.o [4]
?b15                    0x00000f         Data  Gb  vregs.o [4]
?b2                     0x000002         Data  Gb  vregs.o [4]
?b3                     0x000003         Data  Gb  vregs.o [4]
?b4                     0x000004         Data  Gb  vregs.o [4]
?b5                     0x000005         Data  Gb  vregs.o [4]
?b6                     0x000006         Data  Gb  vregs.o [4]
?b7                     0x000007         Data  Gb  vregs.o [4]
?b8                     0x000008         Data  Gb  vregs.o [4]
?b9                     0x000009         Data  Gb  vregs.o [4]
?dc32_l0                0x008e50         Code  Gb  dc_util.o [4]
?dc32_l1                0x008e5d         Code  Gb  dc_util.o [4]
?dc32_px                0x008e6a         Code  Gb  dc_util.o [4]
?e0                     0x000001         Data  Gb  vregs.o [4]
?e1                     0x000005         Data  Gb  vregs.o [4]
?e2                     0x000009         Data  Gb  vregs.o [4]
?e3                     0x00000d         Data  Gb  vregs.o [4]
?epilogue_l2            0x0086c1         Code  Gb  vreg_util.o [4]
?epilogue_l2_l3         0x0086be         Code  Gb  vreg_util.o [4]
?epilogue_w4            0x0086c5         Code  Gb  vreg_util.o [4]
?inc32_0x_0x            0x0082a7         Code  Gb  long.o [4]
?inc32_l0_l0            0x0082a2         Code  Gb  long.o [4]
?l0                     0x000000         Data  Gb  vregs.o [4]
?l1                     0x000004         Data  Gb  vregs.o [4]
?l2                     0x000008         Data  Gb  vregs.o [4]
?l3                     0x00000c         Data  Gb  vregs.o [4]
?load32_0x_l0           0x008b21         Code  Gb  long_util.o [4]
?load32_0x_l2           0x008b2f         Code  Gb  long_util.o [4]
?load32_asp_l0          0x008b15         Code  Gb  long_util.o [4]
?load32_dbsp_l0         0x008b10         Code  Gb  long_util.o [4]
?load32_l0_0x           0x008af8         Code  Gb  long_util.o [4]
?load32_l0_asp          0x008aed         Code  Gb  long_util.o [4]
?load32_l0_dbsp         0x008ae8         Code  Gb  long_util.o [4]
?load32_l0_xsp          0x008aef         Code  Gb  long_util.o [4]
?load32_l1_0x           0x008b04         Code  Gb  long_util.o [4]
?load32_xsp_l0          0x008b17         Code  Gb  long_util.o [4]
?mov_e0_e2              0x0086cc         Code  Gb  vreg_util.o [4]
?mov_e0_e3              0x0086d9         Code  Gb  vreg_util.o [4]
?mov_e1_e0              0x0086e6         Code  Gb  vreg_util.o [4]
?mov_e1_e2              0x0086f3         Code  Gb  vreg_util.o [4]
?mov_e1_e3              0x008700         Code  Gb  vreg_util.o [4]
?mov_e2_e0              0x00870d         Code  Gb  vreg_util.o [4]
?mov_e3_e0              0x00871a         Code  Gb  vreg_util.o [4]
?mov_l0_l2              0x0086c9         Code  Gb  vreg_util.o [4]
?mov_l0_l3              0x0086d6         Code  Gb  vreg_util.o [4]
?mov_l1_l0              0x0086e3         Code  Gb  vreg_util.o [4]
?mov_l1_l2              0x0086f0         Code  Gb  vreg_util.o [4]
?mov_l1_l3              0x0086fd         Code  Gb  vreg_util.o [4]
?mov_l2_l0              0x00870a         Code  Gb  vreg_util.o [4]
?mov_l3_l0              0x008717         Code  Gb  vreg_util.o [4]
?mov_w1_w5              0x0086cf         Code  Gb  vreg_util.o [4]
?mov_w1_w7              0x0086dc         Code  Gb  vreg_util.o [4]
?mov_w3_w1              0x0086e9         Code  Gb  vreg_util.o [4]
?mov_w3_w5              0x0086f6         Code  Gb  vreg_util.o [4]
?mov_w3_w7              0x008703         Code  Gb  vreg_util.o [4]
?mov_w5_w1              0x008710         Code  Gb  vreg_util.o [4]
?mov_w7_w1              0x00871d         Code  Gb  vreg_util.o [4]
?mul32_l0_l0_0x         0x0082d3         Code  Gb  long.o [4]
?mul32_l0_l0_dl         0x0082d0         Code  Gb  long.o [4]
?mul32_l0_l0_l1         0x0082dc         Code  Gb  long.o [4]
?pop_l0                 0x00868a         Code  Gb  vreg_util.o [4]
?pop_l1                 0x008695         Code  Gb  vreg_util.o [4]
?pop_l2                 0x0086a0         Code  Gb  vreg_util.o [4]
?pop_l3                 0x0086ab         Code  Gb  vreg_util.o [4]
?pop_w4                 0x00864a         Code  Gb  vreg_util.o [4]
?push_l0                0x008659         Code  Gb  vreg_util.o [4]
?push_l1                0x00865e         Code  Gb  vreg_util.o [4]
?push_l2                0x008663         Code  Gb  vreg_util.o [4]
?push_l3                0x008668         Code  Gb  vreg_util.o [4]
?push_w4                0x008632         Code  Gb  vreg_util.o [4]
?sll16_x_x_a            0x008f69         Code  Gb  short.o [4]
?sll32_0x_0x_a          0x0083dd         Code  Gb  long.o [4]
?sll32_l0_l0_a          0x0083da         Code  Gb  long.o [4]
?sll8_a_a_5             0x008f92         Code  Gb  char.o [4]
?sll8_a_a_6             0x008f91         Code  Gb  char.o [4]
?srl16_x_x_4            0x008f71         Code  Gb  short.o [4]
?sub32_l0_l0_0x         0x0082b8         Code  Gb  long.o [4]
?sub32_l0_l0_l1         0x0082b5         Code  Gb  long.o [4]
?ucmp32_c_l0_l1         0x0083cf         Code  Gb  long.o [4]
?udiv32_l0_dl_l1        0x00835a         Code  Gb  long.o [4]
?udiv32_l0_l0_dl        0x00835f         Code  Gb  long.o [4]
?udiv32_l0_l0_l1        0x008362         Code  Gb  long.o [4]
?umod32_l1_l0_l1        0x008362         Code  Gb  long.o [4]
?w0                     0x000000         Data  Gb  vregs.o [4]
?w1                     0x000002         Data  Gb  vregs.o [4]
?w2                     0x000004         Data  Gb  vregs.o [4]
?w3                     0x000006         Data  Gb  vregs.o [4]
?w4                     0x000008         Data  Gb  vregs.o [4]
?w5                     0x00000a         Data  Gb  vregs.o [4]
?w6                     0x00000c         Data  Gb  vregs.o [4]
?w7                     0x00000e         Data  Gb  vregs.o [4]
ADC1_IRQHandler         0x008fca    0x1  Code  Gb  stm8s_it.o [1]
AWU_IRQHandler          0x008fbd    0x1  Code  Gb  stm8s_it.o [1]
CLK_Config              0x008fa5    0x4  Code  Lc  main.o [1]
CLK_GetClockFreq        0x008a91   0x57  Code  Gb  stm8s_clk.o [1]
CLK_HSIPrescalerConfig  0x008ce5   0x3d  Code  Gb  stm8s_clk.o [1]
CLK_IRQHandler          0x008fbe    0x1  Code  Gb  stm8s_it.o [1]
CSTACK$$Base            0x000300          --   Gb  - Linker created -
CSTACK$$Limit           0x000400          --   Gb  - Linker created -
EEPROM_EEC_IRQHandler   0x008fcb    0x1  Code  Gb  stm8s_it.o [1]
EXTI_PORTA_IRQHandler   0x008fbf    0x1  Code  Gb  stm8s_it.o [1]
EXTI_PORTB_IRQHandler   0x008fc0    0x1  Code  Gb  stm8s_it.o [1]
EXTI_PORTC_IRQHandler   0x008fc1    0x1  Code  Gb  stm8s_it.o [1]
EXTI_PORTD_IRQHandler   0x008fc2    0x1  Code  Gb  stm8s_it.o [1]
EXTI_PORTE_IRQHandler   0x008fc3    0x1  Code  Gb  stm8s_it.o [1]
GPIO_Config             0x008946   0x8a  Code  Lc  main.o [1]
GPIO_DeInit             0x008f1a   0x14  Code  Gb  stm8s_gpio.o [1]
GPIO_Init               0x008522  0x110  Code  Gb  stm8s_gpio.o [1]
GPIO_ReadInputPin       0x008f84    0x7  Code  Gb  stm8s_gpio.o [1]
GPIO_WriteHigh          0x008f76    0x7  Code  Gb  stm8s_gpio.o [1]
GPIO_WriteReverse       0x008f7d    0x7  Code  Gb  stm8s_gpio.o [1]
HSIDivFactor            0x008fa1    0x4  Data  Gb  stm8s_clk.o [1]
I2C_IRQHandler          0x008fc9    0x1  Code  Gb  stm8s_it.o [1]
INTVEC$$Base            0x008000          --   Gb  - Linker created -
INTVEC$$Limit           0x008080          --   Gb  - Linker created -
LIN_send                0x0087f4   0xb4  Code  Gb  main.o [1]
Parity                  0x0089d0   0x61  Code  Gb  main.o [1]
Region$$Table$$Base     0x008ebd          --   Gb  - Linker created -
Region$$Table$$Limit    0x008ec7          --   Gb  - Linker created -
SPI_IRQHandler          0x008fc4    0x1  Code  Gb  stm8s_it.o [1]
TIM1_CAP_COM_IRQHandler
                        0x008fc6    0x1  Code  Gb  stm8s_it.o [1]
TIM1_UPD_OVF_TRG_BRK_IRQHandler
                        0x008fc5    0x1  Code  Gb  stm8s_it.o [1]
TIM2_CAP_COM_IRQHandler
                        0x008fc8    0x1  Code  Gb  stm8s_it.o [1]
TIM2_UPD_OVF_BRK_IRQHandler
                        0x008fc7    0x1  Code  Gb  stm8s_it.o [1]
TIM4_ClearFlag          0x008e75   0x24  Code  Gb  stm8s_tim4.o [1]
TIM4_ClearITPendingBit  0x008e99   0x24  Code  Gb  stm8s_tim4.o [1]
TIM4_Cmd                0x008dca   0x2f  Code  Gb  stm8s_tim4.o [1]
TIM4_Config             0x008ee6   0x1d  Code  Lc  main.o [1]
TIM4_ITConfig           0x008b8e   0x50  Code  Gb  stm8s_tim4.o [1]
TIM4_TimeBaseInit       0x008b3d   0x51  Code  Gb  stm8s_tim4.o [1]
TIM4_UPD_OVF_IRQHandler
                        0x008d94   0x36  Code  Gb  stm8s_it.o [1]
TLI_IRQHandler          0x008fbc    0x1  Code  Gb  stm8s_it.o [1]
TRAP_IRQHandler         0x008fbb    0x1  Code  Gb  stm8s_it.o [1]
TxBuffer                0x000014   0x4d  Data  Gb  stm8s_it.o [1]
TxCounter               0x00006f    0x1  Data  Gb  stm8s_it.o [1]
UART1_Config            0x008ec7   0x1f  Code  Lc  main.o [1]
UART1_GetFlagStatus     0x0088a8   0x9e  Code  Gb  stm8s_uart1.o [1]
UART1_ITConfig          0x008724   0xd0  Code  Gb  stm8s_uart1.o [1]
UART1_Init              0x008080  0x222  Code  Gb  stm8s_uart1.o [1]
UART1_LINCmd            0x008df9   0x2f  Code  Gb  stm8s_uart1.o [1]
UART1_RX_IRQHandler     0x008f03   0x17  Code  Gb  stm8s_it.o [1]
UART1_SendBreak         0x008f97    0x5  Code  Gb  stm8s_uart1.o [1]
UART1_SendData8         0x008fa9    0x4  Code  Gb  stm8s_uart1.o [1]
UART1_TX_IRQHandler     0x008d5e   0x36  Code  Gb  stm8s_it.o [1]
__DebugBreak            0x008fcc    0x1  Code  Gb  __dbg_break.o [3]
__exit                  0x008f42   0x14  Code  Gb  __dbg_xxexit.o [3]
__iar_copy_init2        0x008e28         Code  Gb  init_small.o [4]
__iar_data_init2        0x008f2e   0x14  Code  Gb  init.o [4]
__iar_program_start     0x008f56         Code  Gb  cstartup.o [4]
__iar_unhandled_exception
                        0x008fb6         Code  Gb  unhandled_exception.o [4]
__intvec                0x008000         Data  Gb  interrupt.o [4]
__low_level_init        0x008fb0    0x3  Code  Gb  low_level_init.o [4]
_exit                   0x008f9c         Code  Gb  cexit.o [4]
_interrupt_1            0x008fbb         Code  Gb  stm8s_it.o [1]
_interrupt_12           0x008fc4         Code  Gb  stm8s_it.o [1]
_interrupt_13           0x008fc5         Code  Gb  stm8s_it.o [1]
_interrupt_14           0x008fc6         Code  Gb  stm8s_it.o [1]
_interrupt_15           0x008fc7         Code  Gb  stm8s_it.o [1]
_interrupt_16           0x008fc8         Code  Gb  stm8s_it.o [1]
_interrupt_19           0x008d5e         Code  Gb  stm8s_it.o [1]
_interrupt_2            0x008fbc         Code  Gb  stm8s_it.o [1]
_interrupt_20           0x008f03         Code  Gb  stm8s_it.o [1]
_interrupt_21           0x008fc9         Code  Gb  stm8s_it.o [1]
_interrupt_24           0x008fca         Code  Gb  stm8s_it.o [1]
_interrupt_25           0x008d94         Code  Gb  stm8s_it.o [1]
_interrupt_26           0x008fcb         Code  Gb  stm8s_it.o [1]
_interrupt_3            0x008fbd         Code  Gb  stm8s_it.o [1]
_interrupt_4            0x008fbe         Code  Gb  stm8s_it.o [1]
_interrupt_5            0x008fbf         Code  Gb  stm8s_it.o [1]
_interrupt_6            0x008fc0         Code  Gb  stm8s_it.o [1]
_interrupt_7            0x008fc1         Code  Gb  stm8s_it.o [1]
_interrupt_8            0x008fc2         Code  Gb  stm8s_it.o [1]
_interrupt_9            0x008fc3         Code  Gb  stm8s_it.o [1]
assert_failed           0x008fb9    0x2  Code  Gb  main.o [1]
current_millis          0x000063    0x4  Data  Gb  main.o [1]
exit                    0x008fb3    0x3  Code  Gb  exit.o [4]
fr1                     0x000062    0x1  Data  Gb  main.o [1]
fr2                     0x000013    0x1  Data  Gb  main.o [1]
idle_millis             0x000067    0x4  Data  Gb  main.o [1]
last_millis             0x00006b    0x4  Data  Gb  main.o [1]
main                    0x0083eb  0x137  Code  Gb  main.o [1]
millis                  0x008f8b    0x6  Code  Gb  main.o [1]
p_LIN_wait_us           0x008bde   0x49  Code  Gb  main.o [1]
pid                     0x000012    0x1  Data  Gb  main.o [1]
pid_2                   0x000011    0x1  Data  Gb  main.o [1]
pid_idle                0x000010    0x1  Data  Gb  main.o [1]
state                   0x000061    0x1  Data  Gb  main.o [1]


[1] = C:\Users\adxx\Documents\STM\STM8_LIN_working_send\Debug\Obj
[2] = command line
[3] = dbgstm8smd.a
[4] = dlstm8smn.a

  3 557 bytes of readonly  code memory
    488 bytes of readonly  data memory
    368 bytes of readwrite data memory

Errors: none
Warnings: none
